MSYSTICK_Prog.c:39:6:MSYSTICK_vInit	4	static
MSYSTICK_Prog.c:62:6:MSYSTICK_vStartTime	4	static
MSYSTICK_Prog.c:79:6:MSYSTICK_vCntTimer	16	static
MSYSTICK_Prog.c:106:6:MSYSTICK_vPeriodicMS	24	static
MSYSTICK_Prog.c:143:6:MSYSTICK_vDelayms	24	static
MSYSTICK_Prog.c:179:5:MSYSTICK_f32GetElapsedTime	24	static
MSYSTICK_Prog.c:193:5:MSYSTICK_f32GetRemainingTime	16	static
MSYSTICK_Prog.c:206:6:MSYSTICK_vStop	4	static
MSYSTICK_Prog.c:219:6:MSYSTICK_vCallBack	16	static
MSYSTICK_Prog.c:230:6:SysTick_Handler	8	static
