MTIMER_Prog.c:60:18:LOC_GET_TIMER	64	static
MTIMER_Prog.c:81:6:MTIMER_vStartTime	24	static
MTIMER_Prog.c:112:6:MTIMER_vCntTimer	24	static
MTIMER_Prog.c:137:6:MTIMER_vDelayms	24	static
MTIMER_Prog.c:179:5:MTIMER_f32GetElapsedTime	24	static
MTIMER_Prog.c:213:6:MTIMER_vPeriodicMS	24	static
MTIMER_Prog.c:250:6:MTIMER_vEXTCNTClock	24	static
MTIMER_Prog.c:295:6:MTIMER_vClearCNT	24	static
MTIMER_Prog.c:304:6:MTIMER_vPWM	32	static
MTIMER_Prog.c:340:6:MTIMER_vICU	24	static
MTIMER_Prog.c:380:6:LOC_TIMER_ICU	24	static
MTIMER_Prog.c:420:5:MTIMER_GET_ICU	16	static
MTIMER_Prog.c:437:6:MTIMER_CallBack	16	static
MTIMER_Prog.c:450:6:TIM1_UP_TIM10_IRQHandler	8	static
MTIMER_Prog.c:501:6:TIM1_TRG_COM_TIM11_IRQHandler	8	static
MTIMER_Prog.c:545:6:TIM1_BRK_TIM9_IRQHandler	8	static
MTIMER_Prog.c:597:6:TIM1_CC_IRQHandler	8	static
MTIMER_Prog.c:640:6:TIM2_IRQHandler	8	static
MTIMER_Prog.c:698:6:TIM3_IRQHandler	8	static
MTIMER_Prog.c:755:6:TIM4_IRQHandler	8	static
MTIMER_Prog.c:813:6:TIM5_IRQHandler	8	static
