Archive member included to satisfy reference by file (symbol)

c:/st/stm32cubeide_1.4.0/stm32cubeide/plugins/com.st.stm32cube.ide.mcu.externaltools.gnu-tools-for-stm32.7-2018-q2-update.win32_1.4.0.202007081208/tools/bin/../lib/gcc/arm-none-eabi/7.3.1/../../../../arm-none-eabi/lib/thumb/v7e-m/fpv4-sp/hard\libc_nano.a(lib_a-errno.o)
                              Src/syscalls.o (__errno)
c:/st/stm32cubeide_1.4.0/stm32cubeide/plugins/com.st.stm32cube.ide.mcu.externaltools.gnu-tools-for-stm32.7-2018-q2-update.win32_1.4.0.202007081208/tools/bin/../lib/gcc/arm-none-eabi/7.3.1/../../../../arm-none-eabi/lib/thumb/v7e-m/fpv4-sp/hard\libc_nano.a(lib_a-exit.o)
                              c:/st/stm32cubeide_1.4.0/stm32cubeide/plugins/com.st.stm32cube.ide.mcu.externaltools.gnu-tools-for-stm32.7-2018-q2-update.win32_1.4.0.202007081208/tools/bin/../lib/gcc/arm-none-eabi/7.3.1/../../../../arm-none-eabi/lib/thumb/v7e-m/fpv4-sp/hard/crt0.o (exit)
c:/st/stm32cubeide_1.4.0/stm32cubeide/plugins/com.st.stm32cube.ide.mcu.externaltools.gnu-tools-for-stm32.7-2018-q2-update.win32_1.4.0.202007081208/tools/bin/../lib/gcc/arm-none-eabi/7.3.1/../../../../arm-none-eabi/lib/thumb/v7e-m/fpv4-sp/hard\libc_nano.a(lib_a-impure.o)
                              c:/st/stm32cubeide_1.4.0/stm32cubeide/plugins/com.st.stm32cube.ide.mcu.externaltools.gnu-tools-for-stm32.7-2018-q2-update.win32_1.4.0.202007081208/tools/bin/../lib/gcc/arm-none-eabi/7.3.1/../../../../arm-none-eabi/lib/thumb/v7e-m/fpv4-sp/hard\libc_nano.a(lib_a-exit.o) (_global_impure_ptr)
c:/st/stm32cubeide_1.4.0/stm32cubeide/plugins/com.st.stm32cube.ide.mcu.externaltools.gnu-tools-for-stm32.7-2018-q2-update.win32_1.4.0.202007081208/tools/bin/../lib/gcc/arm-none-eabi/7.3.1/../../../../arm-none-eabi/lib/thumb/v7e-m/fpv4-sp/hard\libc_nano.a(lib_a-init.o)
                              c:/st/stm32cubeide_1.4.0/stm32cubeide/plugins/com.st.stm32cube.ide.mcu.externaltools.gnu-tools-for-stm32.7-2018-q2-update.win32_1.4.0.202007081208/tools/bin/../lib/gcc/arm-none-eabi/7.3.1/../../../../arm-none-eabi/lib/thumb/v7e-m/fpv4-sp/hard/crt0.o (__libc_init_array)
c:/st/stm32cubeide_1.4.0/stm32cubeide/plugins/com.st.stm32cube.ide.mcu.externaltools.gnu-tools-for-stm32.7-2018-q2-update.win32_1.4.0.202007081208/tools/bin/../lib/gcc/arm-none-eabi/7.3.1/../../../../arm-none-eabi/lib/thumb/v7e-m/fpv4-sp/hard\libc_nano.a(lib_a-memset.o)
                              c:/st/stm32cubeide_1.4.0/stm32cubeide/plugins/com.st.stm32cube.ide.mcu.externaltools.gnu-tools-for-stm32.7-2018-q2-update.win32_1.4.0.202007081208/tools/bin/../lib/gcc/arm-none-eabi/7.3.1/../../../../arm-none-eabi/lib/thumb/v7e-m/fpv4-sp/hard/crt0.o (memset)
c:/st/stm32cubeide_1.4.0/stm32cubeide/plugins/com.st.stm32cube.ide.mcu.externaltools.gnu-tools-for-stm32.7-2018-q2-update.win32_1.4.0.202007081208/tools/bin/../lib/gcc/arm-none-eabi/7.3.1/../../../../arm-none-eabi/lib/thumb/v7e-m/fpv4-sp/hard\libm.a(lib_a-w_atan2.o)
                              Src/APP/Path_Tracking.o (atan2)
c:/st/stm32cubeide_1.4.0/stm32cubeide/plugins/com.st.stm32cube.ide.mcu.externaltools.gnu-tools-for-stm32.7-2018-q2-update.win32_1.4.0.202007081208/tools/bin/../lib/gcc/arm-none-eabi/7.3.1/../../../../arm-none-eabi/lib/thumb/v7e-m/fpv4-sp/hard\libm.a(lib_a-w_pow.o)
                              Src/APP/Motion_Planing.o (pow)
c:/st/stm32cubeide_1.4.0/stm32cubeide/plugins/com.st.stm32cube.ide.mcu.externaltools.gnu-tools-for-stm32.7-2018-q2-update.win32_1.4.0.202007081208/tools/bin/../lib/gcc/arm-none-eabi/7.3.1/../../../../arm-none-eabi/lib/thumb/v7e-m/fpv4-sp/hard\libm.a(lib_a-w_sqrt.o)
                              Src/APP/Motion_Planing.o (sqrt)
c:/st/stm32cubeide_1.4.0/stm32cubeide/plugins/com.st.stm32cube.ide.mcu.externaltools.gnu-tools-for-stm32.7-2018-q2-update.win32_1.4.0.202007081208/tools/bin/../lib/gcc/arm-none-eabi/7.3.1/../../../../arm-none-eabi/lib/thumb/v7e-m/fpv4-sp/hard\libm.a(lib_a-e_atan2.o)
                              c:/st/stm32cubeide_1.4.0/stm32cubeide/plugins/com.st.stm32cube.ide.mcu.externaltools.gnu-tools-for-stm32.7-2018-q2-update.win32_1.4.0.202007081208/tools/bin/../lib/gcc/arm-none-eabi/7.3.1/../../../../arm-none-eabi/lib/thumb/v7e-m/fpv4-sp/hard\libm.a(lib_a-w_atan2.o) (__ieee754_atan2)
c:/st/stm32cubeide_1.4.0/stm32cubeide/plugins/com.st.stm32cube.ide.mcu.externaltools.gnu-tools-for-stm32.7-2018-q2-update.win32_1.4.0.202007081208/tools/bin/../lib/gcc/arm-none-eabi/7.3.1/../../../../arm-none-eabi/lib/thumb/v7e-m/fpv4-sp/hard\libm.a(lib_a-e_pow.o)
                              c:/st/stm32cubeide_1.4.0/stm32cubeide/plugins/com.st.stm32cube.ide.mcu.externaltools.gnu-tools-for-stm32.7-2018-q2-update.win32_1.4.0.202007081208/tools/bin/../lib/gcc/arm-none-eabi/7.3.1/../../../../arm-none-eabi/lib/thumb/v7e-m/fpv4-sp/hard\libm.a(lib_a-w_pow.o) (__ieee754_pow)
[...]
Memory Configuration

Name             Origin             Length             Attributes
RAM              0x0000000020000000 0x0000000000010000 xrw
ROM              0x0000000008000000 0x0000000000040000 xr
*default*        0x0000000000000000 0xffffffffffffffff

Linker script and memory map

LOAD c:/st/stm32cubeide_1.4.0/stm32cubeide/plugins/com.st.stm32cube.ide.mcu.externaltools.gnu-tools-for-stm32.7-2018-q2-update.win32_1.4.0.202007081208/tools/bin/../lib/gcc/arm-none-eabi/7.3.1/thumb/v7e-m/fpv4-sp/hard/crti.o
LOAD c:/st/stm32cubeide_1.4.0/stm32cubeide/plugins/com.st.stm32cube.ide.mcu.externaltools.gnu-tools-for-stm32.7-2018-q2-update.win32_1.4.0.202007081208/tools/bin/../lib/gcc/arm-none-eabi/7.3.1/thumb/v7e-m/fpv4-sp/hard/crtbegin.o
LOAD c:/st/stm32cubeide_1.4.0/stm32cubeide/plugins/com.st.stm32cube.ide.mcu.externaltools.gnu-tools-for-stm32.7-2018-q2-update.win32_1.4.0.202007081208/tools/bin/../lib/gcc/arm-none-eabi/7.3.1/../../../../arm-none-eabi/lib/thumb/v7e-m/fpv4-sp/hard/crt0.o
LOAD Src/APP/Car_Control.o
LOAD Src/APP/Collision_Avoidance.o
LOAD Src/APP/Motion_Planing.o
LOAD Src/APP/Path_Tracking.o
LOAD Src/APP/Scenario_Select.o
LOAD Src/HAL/HCOMPASS/HAL_COMPASS.o
LOAD Src/HAL/HLCD/HLCD_Prog.o
LOAD Src/HAL/HMOTOR/HMOTOR.o
LOAD Src/HAL/HSERVO/HSERVO_Prog.o
LOAD Src/HAL/HULTRA_SONIC/HULTRA_SONIC_Prog.o
LOAD Src/MCAL/MEXTI/MEXTI_Prog.o
LOAD Src/MCAL/MGPIO/MGPIO_Prog.o
LOAD Src/MCAL/MI2C/MI2C_Prog.o
LOAD Src/MCAL/MIWDT/MIWDT_Prog.o
LOAD Src/MCAL/MNVIC/MNVIC_Prog.o
LOAD Src/MCAL/MRCC/MRCC_Prog.o
LOAD Src/MCAL/MSPI/MSPI_Prog.o
LOAD Src/MCAL/MSTK/MSYSTICK_Prog.o
LOAD Src/MCAL/MTIMER/MTIMER_Prog.o
LOAD Src/MCAL/MUART/MUSART_Program.o
LOAD Src/main.o
LOAD Src/syscalls.o
LOAD Src/sysmem.o
LOAD Startup/startup_stm32f401ccux.o
START GROUP
LOAD c:/st/stm32cubeide_1.4.0/stm32cubeide/plugins/com.st.stm32cube.ide.mcu.externaltools.gnu-tools-for-stm32.7-2018-q2-update.win32_1.4.0.202007081208/tools/bin/../lib/gcc/arm-none-eabi/7.3.1/../../../../arm-none-eabi/lib/thumb/v7e-m/fpv4-sp/hard\libc_nano.a
LOAD c:/st/stm32cubeide_1.4.0/stm32cubeide/plugins/com.st.stm32cube.ide.mcu.externaltools.gnu-tools-for-stm32.7-2018-q2-update.win32_1.4.0.202007081208/tools/bin/../lib/gcc/arm-none-eabi/7.3.1/../../../../arm-none-eabi/lib/thumb/v7e-m/fpv4-sp/hard\libm.a
END GROUP
START GROUP
LOAD c:/st/stm32cubeide_1.4.0/stm32cubeide/plugins/com.st.stm32cube.ide.mcu.externaltools.gnu-tools-for-stm32.7-2018-q2-update.win32_1.4.0.202007081208/tools/bin/../lib/gcc/arm-none-eabi/7.3.1/thumb/v7e-m/fpv4-sp/hard\libgcc.a
LOAD c:/st/stm32cubeide_1.4.0/stm32cubeide/plugins/com.st.stm32cube.ide.mcu.externaltools.gnu-tools-for-stm32.7-2018-q2-update.win32_1.4.0.202007081208/tools/bin/../lib/gcc/arm-none-eabi/7.3.1/../../../../arm-none-eabi/lib/thumb/v7e-m/fpv4-sp/hard\libc_nano.a
END GROUP
START GROUP
LOAD c:/st/stm32cubeide_1.4.0/stm32cubeide/plugins/com.st.stm32cube.ide.mcu.externaltools.gnu-tools-for-stm32.7-2018-q2-update.win32_1.4.0.202007081208/tools/bin/../lib/gcc/arm-none-eabi/7.3.1/thumb/v7e-m/fpv4-sp/hard\libgcc.a
LOAD c:/st/stm32cubeide_1.4.0/stm32cubeide/plugins/com.st.stm32cube.ide.mcu.externaltools.gnu-tools-for-stm32.7-2018-q2-update.win32_1.4.0.202007081208/tools/bin/../lib/gcc/arm-none-eabi/7.3.1/../../../../arm-none-eabi/lib/thumb/v7e-m/fpv4-sp/hard\libc_nano.a
LOAD c:/st/stm32cubeide_1.4.0/stm32cubeide/plugins/com.st.stm32cube.ide.mcu.externaltools.gnu-tools-for-stm32.7-2018-q2-update.win32_1.4.0.202007081208/tools/bin/../lib/gcc/arm-none-eabi/7.3.1/../../../../arm-none-eabi/lib/thumb/v7e-m/fpv4-sp/hard\libnosys.a
END GROUP
START GROUP
LOAD c:/st/stm32cubeide_1.4.0/stm32cubeide/plugins/com.st.stm32cube.ide.mcu.externaltools.gnu-tools-for-stm32.7-2018-q2-update.win32_1.4.0.202007081208/tools/bin/../lib/gcc/arm-none-eabi/7.3.1/thumb/v7e-m/fpv4-sp/hard\libgcc.a
LOAD c:/st/stm32cubeide_1.4.0/stm32cubeide/plugins/com.st.stm32cube.ide.mcu.externaltools.gnu-tools-for-stm32.7-2018-q2-update.win32_1.4.0.202007081208/tools/bin/../lib/gcc/arm-none-eabi/7.3.1/../../../../arm-none-eabi/lib/thumb/v7e-m/fpv4-sp/hard\libc_nano.a
LOAD c:/st/stm32cubeide_1.4.0/stm32cubeide/plugins/com.st.stm32cube.ide.mcu.externaltools.gnu-tools-for-stm32.7-2018-q2-update.win32_1.4.0.202007081208/tools/bin/../lib/gcc/arm-none-eabi/7.3.1/../../../../arm-none-eabi/lib/thumb/v7e-m/fpv4-sp/hard\libnosys.a
END GROUP
LOAD c:/st/stm32cubeide_1.4.0/stm32cubeide/plugins/com.st.stm32cube.ide.mcu.externaltools.gnu-tools-for-stm32.7-2018-q2-update.win32_1.4.0.202007081208/tools/bin/../lib/gcc/arm-none-eabi/7.3.1/thumb/v7e-m/fpv4-sp/hard/crtend.o
LOAD c:/st/stm32cubeide_1.4.0/stm32cubeide/plugins/com.st.stm32cube.ide.mcu.externaltools.gnu-tools-for-stm32.7-2018-q2-update.win32_1.4.0.202007081208/tools/bin/../lib/gcc/arm-none-eabi/7.3.1/thumb/v7e-m/fpv4-sp/hard/crtn.o
                0x0000000020010000                _estack = (ORIGIN (RAM) + LENGTH (RAM))
                0x0000000000000200                _Min_Heap_Size = 0x200
                0x0000000000000400                _Min_Stack_Size = 0x400

.isr_vector     0x0000000008000000      0x194
                0x0000000008000000                . = ALIGN (0x4)
 *(.isr_vector)
 .isr_vector    0x0000000008000000      0x194 Startup/startup_stm32f401ccux.o
                0x0000000008000000                g_pfnVectors
                0x0000000008000194                . = ALIGN (0x4)

.text           0x0000000008000194     0x1414
                0x0000000008000194                . = ALIGN (0x4)
 *(.text)
 .text          0x0000000008000194       0x40 c:/st/stm32cubeide_1.4.0/stm32cubeide/plugins/com.st.stm32cube.ide.mcu.externaltools.gnu-tools-for-stm32.7-2018-q2-update.win32_1.4.0.202007081208/tools/bin/../lib/gcc/arm-none-eabi/7.3.1/thumb/v7e-m/fpv4-sp/hard/crtbegin.o
 *(.text*)
 .text.EXTI0_IRQHandler
                0x00000000080001d4       0x24 Src/MCAL/MEXTI/MEXTI_Prog.o
                0x00000000080001d4                EXTI0_IRQHandler
 .text.EXTI1_IRQHandler
                0x00000000080001f8       0x24 Src/MCAL/MEXTI/MEXTI_Prog.o
                0x00000000080001f8                EXTI1_IRQHandler
 .text.EXTI2_IRQHandler
                0x000000000800021c       0x24 Src/MCAL/MEXTI/MEXTI_Prog.o
                0x000000000800021c                EXTI2_IRQHandler
 .text.EXTI3_IRQHandler
                0x0000000008000240       0x24 Src/MCAL/MEXTI/MEXTI_Prog.o
                0x0000000008000240                EXTI3_IRQHandler
 .text.EXTI4_IRQHandler
                0x0000000008000264       0x24 Src/MCAL/MEXTI/MEXTI_Prog.o
                0x0000000008000264                EXTI4_IRQHandler
 .text.EXTI9_5_IRQHandler
                0x0000000008000288      0x144 Src/MCAL/MEXTI/MEXTI_Prog.o
                0x0000000008000288                EXTI9_5_IRQHandler
 .text.EXTI15_10_IRQHandler
                0x00000000080003cc      0x184 Src/MCAL/MEXTI/MEXTI_Prog.o
                0x00000000080003cc                EXTI15_10_IRQHandler
 .text.MGPIO_vSetPinMode
                0x0000000008000550       0xcc Src/MCAL/MGPIO/MGPIO_Prog.o
                0x0000000008000550                MGPIO_vSetPinMode
 .text.MGPIO_vSetPinOutPutType
                0x000000000800061c       0xd8 Src/MCAL/MGPIO/MGPIO_Prog.o
                0x000000000800061c                MGPIO_vSetPinOutPutType
 .text.MGPIO_vSetPinOutPutSpeed
                0x00000000080006f4       0xcc Src/MCAL/MGPIO/MGPIO_Prog.o
                0x00000000080006f4                MGPIO_vSetPinOutPutSpeed
 .text.MGPIO_vSetPinInPutType
                0x00000000080007c0       0xcc Src/MCAL/MGPIO/MGPIO_Prog.o
                0x00000000080007c0                MGPIO_vSetPinInPutType
 .text.MGPIO_vSetPinValue
                0x000000000800088c       0xd8 Src/MCAL/MGPIO/MGPIO_Prog.o
                0x000000000800088c                MGPIO_vSetPinValue
 .text.MGPIO_vSetAlternativeFunction
                0x0000000008000964      0x180 Src/MCAL/MGPIO/MGPIO_Prog.o
                0x0000000008000964                MGPIO_vSetAlternativeFunction
 .text.MNVIC_vEnableInterrupt
                0x0000000008000ae4       0x34 Src/MCAL/MNVIC/MNVIC_Prog.o
                0x0000000008000ae4                MNVIC_vEnableInterrupt
 .text.MNVIC_vClearPendingFlag
                0x0000000008000b18       0x34 Src/MCAL/MNVIC/MNVIC_Prog.o
                0x0000000008000b18                MNVIC_vClearPendingFlag
 .text.MRCC_vInit
                0x0000000008000b4c       0x4c Src/MCAL/MRCC/MRCC_Prog.o
                0x0000000008000b4c                MRCC_vInit
 .text.MRCC_vEnableClock
                0x0000000008000b98       0x94 Src/MCAL/MRCC/MRCC_Prog.o
                0x0000000008000b98                MRCC_vEnableClock
 .text.SPI1_IRQHandler
                0x0000000008000c2c       0x4c Src/MCAL/MSPI/MSPI_Prog.o
                0x0000000008000c2c                SPI1_IRQHandler
 .text.SPI2_IRQHandler
                0x0000000008000c78       0x4c Src/MCAL/MSPI/MSPI_Prog.o
                0x0000000008000c78                SPI2_IRQHandler
 .text.SPI3_IRQHandler
                0x0000000008000cc4       0x4c Src/MCAL/MSPI/MSPI_Prog.o
                0x0000000008000cc4                SPI3_IRQHandler
 .text.SPI4_IRQHandler
                0x0000000008000d10       0x4c Src/MCAL/MSPI/MSPI_Prog.o
                0x0000000008000d10                SPI4_IRQHandler
 .text.SysTick_Handler
                0x0000000008000d5c       0x1c Src/MCAL/MSTK/MSYSTICK_Prog.o
                0x0000000008000d5c                SysTick_Handler
 .text.LOC_GET_TIMER
                0x0000000008000d78       0x44 Src/MCAL/MTIMER/MTIMER_Prog.o
                0x0000000008000d78                LOC_GET_TIMER
 .text.LOC_TIMER_ICU
                0x0000000008000dbc       0xf0 Src/MCAL/MTIMER/MTIMER_Prog.o
                0x0000000008000dbc                LOC_TIMER_ICU
 .text.TIM1_UP_TIM10_IRQHandler
                0x0000000008000eac       0x94 Src/MCAL/MTIMER/MTIMER_Prog.o
                0x0000000008000eac                TIM1_UP_TIM10_IRQHandler
 .text.TIM1_TRG_COM_TIM11_IRQHandler
                0x0000000008000f40       0x88 Src/MCAL/MTIMER/MTIMER_Prog.o
                0x0000000008000f40                TIM1_TRG_COM_TIM11_IRQHandler
 .text.TIM1_BRK_TIM9_IRQHandler
                0x0000000008000fc8       0x9c Src/MCAL/MTIMER/MTIMER_Prog.o
                0x0000000008000fc8                TIM1_BRK_TIM9_IRQHandler
 .text.TIM1_CC_IRQHandler
                0x0000000008001064       0x8c Src/MCAL/MTIMER/MTIMER_Prog.o
                0x0000000008001064                TIM1_CC_IRQHandler
 .text.TIM2_IRQHandler
                0x00000000080010f0       0xf0 Src/MCAL/MTIMER/MTIMER_Prog.o
                0x00000000080010f0                TIM2_IRQHandler
 .text.TIM3_IRQHandler
                0x00000000080011e0       0xd4 Src/MCAL/MTIMER/MTIMER_Prog.o
                0x00000000080011e0                TIM3_IRQHandler
 .text.MUART_Enable
                0x00000000080012b4       0x8e Src/MCAL/MUART/MUSART_Program.o
                0x00000000080012b4                MUART_Enable
 .text.MUART_Receive_Data
                0x0000000008001342       0x24 Src/MCAL/MUART/MUSART_Program.o
                0x0000000008001342                MUART_Receive_Data
 *fill*         0x0000000008001366        0x2 
 .text.Get_UART
                0x0000000008001368       0x44 Src/MCAL/MUART/MUSART_Program.o
                0x0000000008001368                Get_UART
 .text.MUART_vSetRxCallBackFunc
                0x00000000080013ac       0x28 Src/MCAL/MUART/MUSART_Program.o
                0x00000000080013ac                MUART_vSetRxCallBackFunc
 .text.USART1_IRQHandler
                0x00000000080013d4       0x18 Src/MCAL/MUART/MUSART_Program.o
                0x00000000080013d4                USART1_IRQHandler
 .text.Toka_callback
                0x00000000080013ec       0x54 Src/main.o
                0x00000000080013ec                Toka_callback
 .text.main     0x0000000008001440       0xb4 Src/main.o
                0x0000000008001440                main
 .text.Reset_Handler
                0x00000000080014f4       0x50 Startup/startup_stm32f401ccux.o
                0x00000000080014f4                Reset_Handler
 .text.Default_Handler
                0x0000000008001544        0x2 Startup/startup_stm32f401ccux.o
                0x0000000008001544                RTC_Alarm_IRQHandler
                0x0000000008001544                DebugMon_Handler
                0x0000000008001544                HardFault_Handler
                0x0000000008001544                PVD_IRQHandler
                0x0000000008001544                SDIO_IRQHandler
                0x0000000008001544                TAMP_STAMP_IRQHandler
                0x0000000008001544                PendSV_Handler
                0x0000000008001544                NMI_Handler
                0x0000000008001544                I2C3_ER_IRQHandler
                0x0000000008001544                I2C2_EV_IRQHandler
                0x0000000008001544                FPU_IRQHandler
                0x0000000008001544                UsageFault_Handler
                0x0000000008001544                I2C1_EV_IRQHandler
                0x0000000008001544                RCC_IRQHandler
                0x0000000008001544                Default_Handler
                0x0000000008001544                ADC_IRQHandler
                0x0000000008001544                I2C3_EV_IRQHandler
                0x0000000008001544                RTC_WKUP_IRQHandler
                0x0000000008001544                MemManage_Handler
                0x0000000008001544                SVC_Handler
                0x0000000008001544                OTG_FS_WKUP_IRQHandler
                0x0000000008001544                I2C2_ER_IRQHandler
                0x0000000008001544                FLASH_IRQHandler
                0x0000000008001544                BusFault_Handler
                0x0000000008001544                OTG_FS_IRQHandler
                0x0000000008001544                I2C1_ER_IRQHandler
 *fill*         0x0000000008001546        0x2 
 .text.__libc_init_array
                0x0000000008001548       0x48 c:/st/stm32cubeide_1.4.0/stm32cubeide/plugins/com.st.stm32cube.ide.mcu.externaltools.gnu-tools-for-stm32.7-2018-q2-update.win32_1.4.0.202007081208/tools/bin/../lib/gcc/arm-none-eabi/7.3.1/../../../../arm-none-eabi/lib/thumb/v7e-m/fpv4-sp/hard\libc_nano.a(lib_a-init.o)
                0x0000000008001548                __libc_init_array
 *(.glue_7)
 .glue_7        0x0000000008001590        0x0 linker stubs
 *(.glue_7t)
 .glue_7t       0x0000000008001590        0x0 linker stubs
 *(.eh_frame)
 .eh_frame      0x0000000008001590        0x0 c:/st/stm32cubeide_1.4.0/stm32cubeide/plugins/com.st.stm32cube.ide.mcu.externaltools.gnu-tools-for-stm32.7-2018-q2-update.win32_1.4.0.202007081208/tools/bin/../lib/gcc/arm-none-eabi/7.3.1/thumb/v7e-m/fpv4-sp/hard/crtbegin.o
 *(.init)
 .init          0x0000000008001590        0x4 c:/st/stm32cubeide_1.4.0/stm32cubeide/plugins/com.st.stm32cube.ide.mcu.externaltools.gnu-tools-for-stm32.7-2018-q2-update.win32_1.4.0.202007081208/tools/bin/../lib/gcc/arm-none-eabi/7.3.1/thumb/v7e-m/fpv4-sp/hard/crti.o
                0x0000000008001590                _init
 .init          0x0000000008001594        0x8 c:/st/stm32cubeide_1.4.0/stm32cubeide/plugins/com.st.stm32cube.ide.mcu.externaltools.gnu-tools-for-stm32.7-2018-q2-update.win32_1.4.0.202007081208/tools/bin/../lib/gcc/arm-none-eabi/7.3.1/thumb/v7e-m/fpv4-sp/hard/crtn.o
 *(.fini)
 .fini          0x000000000800159c        0x4 c:/st/stm32cubeide_1.4.0/stm32cubeide/plugins/com.st.stm32cube.ide.mcu.externaltools.gnu-tools-for-stm32.7-2018-q2-update.win32_1.4.0.202007081208/tools/bin/../lib/gcc/arm-none-eabi/7.3.1/thumb/v7e-m/fpv4-sp/hard/crti.o
                0x000000000800159c                _fini
 .fini          0x00000000080015a0        0x8 c:/st/stm32cubeide_1.4.0/stm32cubeide/plugins/com.st.stm32cube.ide.mcu.externaltools.gnu-tools-for-stm32.7-2018-q2-update.win32_1.4.0.202007081208/tools/bin/../lib/gcc/arm-none-eabi/7.3.1/thumb/v7e-m/fpv4-sp/hard/crtn.o
                0x00000000080015a8                . = ALIGN (0x4)
                0x00000000080015a8                _etext = .

.vfp11_veneer   0x00000000080015a8        0x0
 .vfp11_veneer  0x00000000080015a8        0x0 linker stubs

.v4_bx          0x00000000080015a8        0x0
 .v4_bx         0x00000000080015a8        0x0 linker stubs

.iplt           0x00000000080015a8        0x0
 .iplt          0x00000000080015a8        0x0 c:/st/stm32cubeide_1.4.0/stm32cubeide/plugins/com.st.stm32cube.ide.mcu.externaltools.gnu-tools-for-stm32.7-2018-q2-update.win32_1.4.0.202007081208/tools/bin/../lib/gcc/arm-none-eabi/7.3.1/thumb/v7e-m/fpv4-sp/hard/crtbegin.o

.rodata         0x00000000080015a8       0x20
                0x00000000080015a8                . = ALIGN (0x4)
 *(.rodata)
 .rodata        0x00000000080015a8       0x20 Src/MCAL/MTIMER/MTIMER_Prog.o
 *(.rodata*)
                0x00000000080015c8                . = ALIGN (0x4)

.rel.dyn        0x00000000080015c8        0x0
 .rel.iplt      0x00000000080015c8        0x0 c:/st/stm32cubeide_1.4.0/stm32cubeide/plugins/com.st.stm32cube.ide.mcu.externaltools.gnu-tools-for-stm32.7-2018-q2-update.win32_1.4.0.202007081208/tools/bin/../lib/gcc/arm-none-eabi/7.3.1/thumb/v7e-m/fpv4-sp/hard/crtbegin.o

.ARM.extab      0x00000000080015c8        0x0
                0x00000000080015c8                . = ALIGN (0x4)
 *(.ARM.extab* .gnu.linkonce.armextab.*)
                0x00000000080015c8                . = ALIGN (0x4)

.ARM            0x00000000080015c8        0x0
                0x00000000080015c8                . = ALIGN (0x4)
                0x00000000080015c8                __exidx_start = .
 *(.ARM.exidx*)
                0x00000000080015c8                __exidx_end = .
                0x00000000080015c8                . = ALIGN (0x4)

.preinit_array  0x00000000080015c8        0x0
                0x00000000080015c8                . = ALIGN (0x4)
                0x00000000080015c8                PROVIDE (__preinit_array_start = .)
 *(.preinit_array*)
                0x00000000080015c8                PROVIDE (__preinit_array_end = .)
                0x00000000080015c8                . = ALIGN (0x4)

.init_array     0x00000000080015c8        0x4
                0x00000000080015c8                . = ALIGN (0x4)
                0x00000000080015c8                PROVIDE (__init_array_start = .)
 *(SORT_BY_NAME(.init_array.*))
 *(.init_array*)
 .init_array    0x00000000080015c8        0x4 c:/st/stm32cubeide_1.4.0/stm32cubeide/plugins/com.st.stm32cube.ide.mcu.externaltools.gnu-tools-for-stm32.7-2018-q2-update.win32_1.4.0.202007081208/tools/bin/../lib/gcc/arm-none-eabi/7.3.1/thumb/v7e-m/fpv4-sp/hard/crtbegin.o
                0x00000000080015cc                PROVIDE (__init_array_end = .)
                0x00000000080015cc                . = ALIGN (0x4)

.fini_array     0x00000000080015cc        0x4
                0x00000000080015cc                . = ALIGN (0x4)
                [!provide]                        PROVIDE (__fini_array_start = .)
 *(SORT_BY_NAME(.fini_array.*))
 *(.fini_array*)
 .fini_array    0x00000000080015cc        0x4 c:/st/stm32cubeide_1.4.0/stm32cubeide/plugins/com.st.stm32cube.ide.mcu.externaltools.gnu-tools-for-stm32.7-2018-q2-update.win32_1.4.0.202007081208/tools/bin/../lib/gcc/arm-none-eabi/7.3.1/thumb/v7e-m/fpv4-sp/hard/crtbegin.o
                [!provide]                        PROVIDE (__fini_array_end = .)
                0x00000000080015d0                . = ALIGN (0x4)
                0x00000000080015d0                _sidata = LOADADDR (.data)

.data           0x0000000020000000        0x0 load address 0x00000000080015d0
                0x0000000020000000                . = ALIGN (0x4)
                0x0000000020000000                _sdata = .
 *(.data)
 *(.data*)
                0x0000000020000000                . = ALIGN (0x4)
                0x0000000020000000                _edata = .

.igot.plt       0x0000000020000000        0x0 load address 0x00000000080015d0
 .igot.plt      0x0000000020000000        0x0 c:/st/stm32cubeide_1.4.0/stm32cubeide/plugins/com.st.stm32cube.ide.mcu.externaltools.gnu-tools-for-stm32.7-2018-q2-update.win32_1.4.0.202007081208/tools/bin/../lib/gcc/arm-none-eabi/7.3.1/thumb/v7e-m/fpv4-sp/hard/crtbegin.o
                0x0000000020000000                . = ALIGN (0x4)

.bss            0x0000000020000000      0x228 load address 0x00000000080015d0
                0x0000000020000000                _sbss = .
                0x0000000020000000                __bss_start__ = _sbss
 *(.bss)
 .bss           0x0000000020000000       0x1c c:/st/stm32cubeide_1.4.0/stm32cubeide/plugins/com.st.stm32cube.ide.mcu.externaltools.gnu-tools-for-stm32.7-2018-q2-update.win32_1.4.0.202007081208/tools/bin/../lib/gcc/arm-none-eabi/7.3.1/thumb/v7e-m/fpv4-sp/hard/crtbegin.o
 *(.bss*)
 .bss.GLOBAL_EXTIPtr
                0x000000002000001c       0x40 Src/MCAL/MEXTI/MEXTI_Prog.o
 .bss.SPIx_pvTxcallback
                0x000000002000005c       0x10 Src/MCAL/MSPI/MSPI_Prog.o
 .bss.SPIx_pvRXcallback
                0x000000002000006c       0x10 Src/MCAL/MSPI/MSPI_Prog.o
 .bss.GLOBAL_SYSTICK_CallBack
                0x000000002000007c        0x4 Src/MCAL/MSTK/MSYSTICK_Prog.o
 .bss.GLOBAL_Ptr
                0x0000000020000080       0x20 Src/MCAL/MTIMER/MTIMER_Prog.o
 .bss.Time      0x00000000200000a0       0x74 Src/MCAL/MTIMER/MTIMER_Prog.o
                0x00000000200000a0                Time
 .bss.captureState.6356
                0x0000000020000114       0x1d Src/MCAL/MTIMER/MTIMER_Prog.o
 *fill*         0x0000000020000131        0x3 
 .bss.captureValue1.6357
                0x0000000020000134       0x74 Src/MCAL/MTIMER/MTIMER_Prog.o
 .bss.captureValue2.6358
                0x00000000200001a8       0x74 Src/MCAL/MTIMER/MTIMER_Prog.o
 .bss.UARTx_pvRXcallback
                0x000000002000021c        0xc Src/MCAL/MUART/MUSART_Program.o
 *(COMMON)
                0x0000000020000228                . = ALIGN (0x4)
                0x0000000020000228                _ebss = .
                0x0000000020000228                __bss_end__ = _ebss

._user_heap_stack
                0x0000000020000228      0x600 load address 0x00000000080015d0
                0x0000000020000228                . = ALIGN (0x8)
                [!provide]                        PROVIDE (end = .)
                0x0000000020000228                PROVIDE (_end = .)
                0x0000000020000428                . = (. + _Min_Heap_Size)
 *fill*         0x0000000020000228      0x200 
                0x0000000020000828                . = (. + _Min_Stack_Size)
 *fill*         0x0000000020000428      0x400 
                0x0000000020000828                . = ALIGN (0x8)

/DISCARD/
 libc.a(*)
 libm.a(*)
 libgcc.a(*)

.ARM.attributes
                0x0000000000000000       0x30
 *(.ARM.attributes)
 .ARM.attributes
                0x0000000000000000       0x22 c:/st/stm32cubeide_1.4.0/stm32cubeide/plugins/com.st.stm32cube.ide.mcu.externaltools.gnu-tools-for-stm32.7-2018-q2-update.win32_1.4.0.202007081208/tools/bin/../lib/gcc/arm-none-eabi/7.3.1/thumb/v7e-m/fpv4-sp/hard/crti.o
 .ARM.attributes
                0x0000000000000022       0x34 c:/st/stm32cubeide_1.4.0/stm32cubeide/plugins/com.st.stm32cube.ide.mcu.externaltools.gnu-tools-for-stm32.7-2018-q2-update.win32_1.4.0.202007081208/tools/bin/../lib/gcc/arm-none-eabi/7.3.1/thumb/v7e-m/fpv4-sp/hard/crtbegin.o
 .ARM.attributes
                0x0000000000000056       0x39 Src/MCAL/MEXTI/MEXTI_Prog.o
 .ARM.attributes
                0x000000000000008f       0x39 Src/MCAL/MGPIO/MGPIO_Prog.o
 .ARM.attributes
                0x00000000000000c8       0x39 Src/MCAL/MNVIC/MNVIC_Prog.o
 .ARM.attributes
                0x0000000000000101       0x39 Src/MCAL/MRCC/MRCC_Prog.o
 .ARM.attributes
                0x000000000000013a       0x39 Src/MCAL/MSPI/MSPI_Prog.o
 .ARM.attributes
                0x0000000000000173       0x39 Src/MCAL/MSTK/MSYSTICK_Prog.o
 .ARM.attributes
                0x00000000000001ac       0x39 Src/MCAL/MTIMER/MTIMER_Prog.o
 .ARM.attributes
                0x00000000000001e5       0x39 Src/MCAL/MUART/MUSART_Program.o
 .ARM.attributes
                0x000000000000021e       0x39 Src/main.o
 .ARM.attributes
                0x0000000000000257       0x21 Startup/startup_stm32f401ccux.o
 .ARM.attributes
                0x0000000000000278       0x34 c:/st/stm32cubeide_1.4.0/stm32cubeide/plugins/com.st.stm32cube.ide.mcu.externaltools.gnu-tools-for-stm32.7-2018-q2-update.win32_1.4.0.202007081208/tools/bin/../lib/gcc/arm-none-eabi/7.3.1/../../../../arm-none-eabi/lib/thumb/v7e-m/fpv4-sp/hard\libc_nano.a(lib_a-init.o)
 .ARM.attributes
                0x00000000000002ac       0x22 c:/st/stm32cubeide_1.4.0/stm32cubeide/plugins/com.st.stm32cube.ide.mcu.externaltools.gnu-tools-for-stm32.7-2018-q2-update.win32_1.4.0.202007081208/tools/bin/../lib/gcc/arm-none-eabi/7.3.1/thumb/v7e-m/fpv4-sp/hard/crtn.o
OUTPUT(stm32_transmitA.elf elf32-littlearm)

.debug_info     0x0000000000000000     0x76b1
 .debug_info    0x0000000000000000      0xc68 Src/MCAL/MEXTI/MEXTI_Prog.o
 .debug_info    0x0000000000000c68      0xb6f Src/MCAL/MGPIO/MGPIO_Prog.o
 .debug_info    0x00000000000017d7      0xddb Src/MCAL/MNVIC/MNVIC_Prog.o
 .debug_info    0x00000000000025b2      0xbbc Src/MCAL/MRCC/MRCC_Prog.o
 .debug_info    0x000000000000316e      0xbf4 Src/MCAL/MSPI/MSPI_Prog.o
 .debug_info    0x0000000000003d62      0xbad Src/MCAL/MSTK/MSYSTICK_Prog.o
 .debug_info    0x000000000000490f     0x12c1 Src/MCAL/MTIMER/MTIMER_Prog.o
 .debug_info    0x0000000000005bd0      0xfaa Src/MCAL/MUART/MUSART_Program.o
 .debug_info    0x0000000000006b7a      0xb15 Src/main.o
 .debug_info    0x000000000000768f       0x22 Startup/startup_stm32f401ccux.o

.debug_abbrev   0x0000000000000000     0x13cc
 .debug_abbrev  0x0000000000000000      0x205 Src/MCAL/MEXTI/MEXTI_Prog.o
 .debug_abbrev  0x0000000000000205      0x1e9 Src/MCAL/MGPIO/MGPIO_Prog.o
 .debug_abbrev  0x00000000000003ee      0x228 Src/MCAL/MNVIC/MNVIC_Prog.o
 .debug_abbrev  0x0000000000000616      0x1cf Src/MCAL/MRCC/MRCC_Prog.o
 .debug_abbrev  0x00000000000007e5      0x238 Src/MCAL/MSPI/MSPI_Prog.o
 .debug_abbrev  0x0000000000000a1d      0x265 Src/MCAL/MSTK/MSYSTICK_Prog.o
 .debug_abbrev  0x0000000000000c82      0x2ca Src/MCAL/MTIMER/MTIMER_Prog.o
 .debug_abbrev  0x0000000000000f4c      0x288 Src/MCAL/MUART/MUSART_Program.o
 .debug_abbrev  0x00000000000011d4      0x1e6 Src/main.o
 .debug_abbrev  0x00000000000013ba       0x12 Startup/startup_stm32f401ccux.o

.debug_aranges  0x0000000000000000      0x3d0
 .debug_aranges
                0x0000000000000000       0x98 Src/MCAL/MEXTI/MEXTI_Prog.o
 .debug_aranges
                0x0000000000000098       0x58 Src/MCAL/MGPIO/MGPIO_Prog.o
 .debug_aranges
                0x00000000000000f0       0x58 Src/MCAL/MNVIC/MNVIC_Prog.o
 .debug_aranges
                0x0000000000000148       0x30 Src/MCAL/MRCC/MRCC_Prog.o
 .debug_aranges
                0x0000000000000178       0x80 Src/MCAL/MSPI/MSPI_Prog.o
 .debug_aranges
                0x00000000000001f8       0x68 Src/MCAL/MSTK/MSYSTICK_Prog.o
 .debug_aranges
                0x0000000000000260       0xc0 Src/MCAL/MTIMER/MTIMER_Prog.o
 .debug_aranges
                0x0000000000000320       0x60 Src/MCAL/MUART/MUSART_Program.o
 .debug_aranges
                0x0000000000000380       0x28 Src/main.o
 .debug_aranges
                0x00000000000003a8       0x28 Startup/startup_stm32f401ccux.o

.debug_ranges   0x0000000000000000      0x338
 .debug_ranges  0x0000000000000000       0x88 Src/MCAL/MEXTI/MEXTI_Prog.o
 .debug_ranges  0x0000000000000088       0x48 Src/MCAL/MGPIO/MGPIO_Prog.o
 .debug_ranges  0x00000000000000d0       0x48 Src/MCAL/MNVIC/MNVIC_Prog.o
 .debug_ranges  0x0000000000000118       0x20 Src/MCAL/MRCC/MRCC_Prog.o
 .debug_ranges  0x0000000000000138       0x70 Src/MCAL/MSPI/MSPI_Prog.o
 .debug_ranges  0x00000000000001a8       0x58 Src/MCAL/MSTK/MSYSTICK_Prog.o
 .debug_ranges  0x0000000000000200       0xb0 Src/MCAL/MTIMER/MTIMER_Prog.o
 .debug_ranges  0x00000000000002b0       0x50 Src/MCAL/MUART/MUSART_Program.o
 .debug_ranges  0x0000000000000300       0x18 Src/main.o
 .debug_ranges  0x0000000000000318       0x20 Startup/startup_stm32f401ccux.o

.debug_macro    0x0000000000000000      0xff6
 .debug_macro   0x0000000000000000      0x109 Src/MCAL/MEXTI/MEXTI_Prog.o
 .debug_macro   0x0000000000000109       0x2e Src/MCAL/MEXTI/MEXTI_Prog.o
 .debug_macro   0x0000000000000137       0x2e Src/MCAL/MEXTI/MEXTI_Prog.o
 .debug_macro   0x0000000000000165      0x103 Src/MCAL/MGPIO/MGPIO_Prog.o
 .debug_macro   0x0000000000000268       0x2e Src/MCAL/MGPIO/MGPIO_Prog.o
 .debug_macro   0x0000000000000296      0x136 Src/MCAL/MGPIO/MGPIO_Prog.o
 .debug_macro   0x00000000000003cc      0x103 Src/MCAL/MNVIC/MNVIC_Prog.o
 .debug_macro   0x00000000000004cf       0x10 Src/MCAL/MNVIC/MNVIC_Prog.o
 .debug_macro   0x00000000000004df       0x22 Src/MCAL/MNVIC/MNVIC_Prog.o
 .debug_macro   0x0000000000000501      0x109 Src/MCAL/MRCC/MRCC_Prog.o
 .debug_macro   0x000000000000060a       0x16 Src/MCAL/MRCC/MRCC_Prog.o
 .debug_macro   0x0000000000000620       0x7c Src/MCAL/MRCC/MRCC_Prog.o
 .debug_macro   0x000000000000069c      0x115 Src/MCAL/MSPI/MSPI_Prog.o
 .debug_macro   0x00000000000007b1       0x88 Src/MCAL/MSPI/MSPI_Prog.o
 .debug_macro   0x0000000000000839       0x6a Src/MCAL/MSPI/MSPI_Prog.o
 .debug_macro   0x00000000000008a3       0x16 Src/MCAL/MSPI/MSPI_Prog.o
 .debug_macro   0x00000000000008b9      0x12a Src/MCAL/MSTK/MSYSTICK_Prog.o
 .debug_macro   0x00000000000009e3       0x2e Src/MCAL/MSTK/MSYSTICK_Prog.o
 .debug_macro   0x0000000000000a11       0x2e Src/MCAL/MSTK/MSYSTICK_Prog.o
 .debug_macro   0x0000000000000a3f      0x11c Src/MCAL/MTIMER/MTIMER_Prog.o
 .debug_macro   0x0000000000000b5b      0x114 Src/MCAL/MTIMER/MTIMER_Prog.o
 .debug_macro   0x0000000000000c6f       0x10 Src/MCAL/MTIMER/MTIMER_Prog.o
 .debug_macro   0x0000000000000c7f      0x113 Src/MCAL/MUART/MUSART_Program.o
 .debug_macro   0x0000000000000d92       0x2e Src/MCAL/MUART/MUSART_Program.o
 .debug_macro   0x0000000000000dc0       0x40 Src/MCAL/MUART/MUSART_Program.o
 .debug_macro   0x0000000000000e00      0x17a Src/main.o
 .debug_macro   0x0000000000000f7a       0x7c Src/main.o

.debug_line     0x0000000000000000     0x3a4f
 .debug_line    0x0000000000000000      0x66f Src/MCAL/MEXTI/MEXTI_Prog.o
 .debug_line    0x000000000000066f      0x616 Src/MCAL/MGPIO/MGPIO_Prog.o
 .debug_line    0x0000000000000c85      0x586 Src/MCAL/MNVIC/MNVIC_Prog.o
 .debug_line    0x000000000000120b      0x558 Src/MCAL/MRCC/MRCC_Prog.o
 .debug_line    0x0000000000001763      0x6d9 Src/MCAL/MSPI/MSPI_Prog.o
 .debug_line    0x0000000000001e3c      0x6a5 Src/MCAL/MSTK/MSYSTICK_Prog.o
 .debug_line    0x00000000000024e1      0x7e6 Src/MCAL/MTIMER/MTIMER_Prog.o
 .debug_line    0x0000000000002cc7      0x60b Src/MCAL/MUART/MUSART_Program.o
 .debug_line    0x00000000000032d2      0x6f9 Src/main.o
 .debug_line    0x00000000000039cb       0x84 Startup/startup_stm32f401ccux.o

.debug_str      0x0000000000000000     0x94bf
 .debug_str     0x0000000000000000     0x70a0 Src/MCAL/MEXTI/MEXTI_Prog.o
                                       0x728f (size before relaxing)
 .debug_str     0x00000000000070a0      0x5d0 Src/MCAL/MGPIO/MGPIO_Prog.o
                                       0x7481 (size before relaxing)
 .debug_str     0x0000000000007670      0x640 Src/MCAL/MNVIC/MNVIC_Prog.o
                                       0x7508 (size before relaxing)
 .debug_str     0x0000000000007cb0      0x3c3 Src/MCAL/MRCC/MRCC_Prog.o
                                       0x729d (size before relaxing)
 .debug_str     0x0000000000008073      0x4bd Src/MCAL/MSPI/MSPI_Prog.o
                                       0x7674 (size before relaxing)
 .debug_str     0x0000000000008530      0x321 Src/MCAL/MSTK/MSYSTICK_Prog.o
                                       0x74f2 (size before relaxing)
 .debug_str     0x0000000000008851      0x823 Src/MCAL/MTIMER/MTIMER_Prog.o
                                       0x7ab2 (size before relaxing)
 .debug_str     0x0000000000009074      0x38f Src/MCAL/MUART/MUSART_Program.o
                                       0x7560 (size before relaxing)
 .debug_str     0x0000000000009403       0x8b Src/main.o
                                       0x77ef (size before relaxing)
 .debug_str     0x000000000000948e       0x31 Startup/startup_stm32f401ccux.o
                                         0x6e (size before relaxing)

.comment        0x0000000000000000       0x7b
 .comment       0x0000000000000000       0x7b Src/MCAL/MEXTI/MEXTI_Prog.o
                                         0x7c (size before relaxing)
 .comment       0x000000000000007b       0x7c Src/MCAL/MGPIO/MGPIO_Prog.o
 .comment       0x000000000000007b       0x7c Src/MCAL/MNVIC/MNVIC_Prog.o
 .comment       0x000000000000007b       0x7c Src/MCAL/MRCC/MRCC_Prog.o
 .comment       0x000000000000007b       0x7c Src/MCAL/MSPI/MSPI_Prog.o
 .comment       0x000000000000007b       0x7c Src/MCAL/MSTK/MSYSTICK_Prog.o
 .comment       0x000000000000007b       0x7c Src/MCAL/MTIMER/MTIMER_Prog.o
 .comment       0x000000000000007b       0x7c Src/MCAL/MUART/MUSART_Program.o
 .comment       0x000000000000007b       0x7c Src/main.o

.debug_frame    0x0000000000000000      0xd64
 .debug_frame   0x0000000000000000      0x23c Src/MCAL/MEXTI/MEXTI_Prog.o
 .debug_frame   0x000000000000023c      0x150 Src/MCAL/MGPIO/MGPIO_Prog.o
 .debug_frame   0x000000000000038c      0x150 Src/MCAL/MNVIC/MNVIC_Prog.o
 .debug_frame   0x00000000000004dc       0x80 Src/MCAL/MRCC/MRCC_Prog.o
 .debug_frame   0x000000000000055c      0x1e8 Src/MCAL/MSPI/MSPI_Prog.o
 .debug_frame   0x0000000000000744      0x174 Src/MCAL/MSTK/MSYSTICK_Prog.o
 .debug_frame   0x00000000000008b8      0x2dc Src/MCAL/MTIMER/MTIMER_Prog.o
 .debug_frame   0x0000000000000b94      0x154 Src/MCAL/MUART/MUSART_Program.o
 .debug_frame   0x0000000000000ce8       0x50 Src/main.o
 .debug_frame   0x0000000000000d38       0x2c c:/st/stm32cubeide_1.4.0/stm32cubeide/plugins/com.st.stm32cube.ide.mcu.externaltools.gnu-tools-for-stm32.7-2018-q2-update.win32_1.4.0.202007081208/tools/bin/../lib/gcc/arm-none-eabi/7.3.1/../../../../arm-none-eabi/lib/thumb/v7e-m/fpv4-sp/hard\libc_nano.a(lib_a-init.o)
